MPLINK 4.30.01, Linker
Linker Map File - Created Sat Apr 04 16:08:09 2009

                                 Section Info
                  Section       Type    Address   Location Size(Bytes)
                ---------  ---------  ---------  ---------  ---------
               _entry_scn       code   0x000000    program   0x000006
                   .cinit    romdata   0x000006    program   0x000002
.code_Output\usb_device.o       code   0x000008    program   0x001096
      .code_Output\main.o       code   0x00109e    program   0x0002ea
.code_Output\usb_function_hid.o       code   0x001388    program   0x0000ec
.romdata_Output\usb_descriptors.o    romdata   0x001474    program   0x0000e1
       .idata_adcbusy.o_i    romdata   0x001555    program   0x000000
       .romdata_adcbusy.o    romdata   0x001555    program   0x000000
       .idata_adcconv.o_i    romdata   0x001555    program   0x000000
       .romdata_adcconv.o    romdata   0x001555    program   0x000000
      .idata_fxd1616u.o_i    romdata   0x001555    program   0x000000
      .romdata_fxd1616u.o    romdata   0x001555    program   0x000000
       .idata_adcopen.o_i    romdata   0x001555    program   0x000000
       .romdata_adcopen.o    romdata   0x001555    program   0x000000
       .idata_adcread.o_i    romdata   0x001555    program   0x000000
       .romdata_adcread.o    romdata   0x001555    program   0x000000
      .idata_adcsetch.o_i    romdata   0x001555    program   0x000000
      .romdata_adcsetch.o    romdata   0x001555    program   0x000000
        .idata___init.o_i    romdata   0x001555    program   0x000000
        .romdata___init.o    romdata   0x001555    program   0x000000
         .idata_c018i.o_i    romdata   0x001555    program   0x000000
         .romdata_c018i.o    romdata   0x001555    program   0x000000
.idata_Output\usb_descriptors.o_i    romdata   0x001555    program   0x000000
.idata_Output\usb_device.o_i    romdata   0x001555    program   0x000000
.romdata_Output\usb_device.o    romdata   0x001555    program   0x000000
.idata_Output\usb_function_hid.o_i    romdata   0x001555    program   0x000000
.romdata_Output\usb_function_hid.o    romdata   0x001555    program   0x000000
   .idata_Output\main.o_i    romdata   0x001555    program   0x000000
   .romdata_Output\main.o    romdata   0x001555    program   0x000000
            .code_c018i.o       code   0x001556    program   0x000000
               _cinit_scn       code   0x001556    program   0x00009e
.code_Output\usb_descriptors.o       code   0x001556    program   0x000000
          .code_adcopen.o       code   0x0015f4    program   0x00006e
                     PROG       code   0x001662    program   0x00004c
                   STRING       code   0x0016ae    program   0x000034
         .code_adcsetch.o       code   0x0016e2    program   0x00002e
         .code_fxd1616u.o       code   0x001710    program   0x00002c
              D1KTCYXCODE       code   0x00173c    program   0x000020
             _startup_scn       code   0x00175c    program   0x00001c
          .code_adcread.o       code   0x001778    program   0x000012
                    .code       code   0x00178a    program   0x00000e
          .code_adcbusy.o       code   0x001798    program   0x00000a
          .code_adcconv.o       code   0x0017a2    program   0x000004
           .code___init.o       code   0x0017a6    program   0x000002
.config_300000_Output\main.o    romdata   0x300000    program   0x000001
.config_300001_Output\main.o    romdata   0x300001    program   0x000001
.config_300002_Output\main.o    romdata   0x300002    program   0x000001
.config_300003_Output\main.o    romdata   0x300003    program   0x000001
.config_300005_Output\main.o    romdata   0x300005    program   0x000001
.config_300006_Output\main.o    romdata   0x300006    program   0x000001
.config_300008_Output\main.o    romdata   0x300008    program   0x000001
.config_300009_Output\main.o    romdata   0x300009    program   0x000001
.config_30000a_Output\main.o    romdata   0x30000a    program   0x000001
.config_30000b_Output\main.o    romdata   0x30000b    program   0x000001
.config_30000c_Output\main.o    romdata   0x30000c    program   0x000001
.config_30000d_Output\main.o    romdata   0x30000d    program   0x000001
                MATH_DATA      udata   0x000000       data   0x000010
                 .tmpdata      udata   0x000010       data   0x000008
                DELAYDAT1      udata   0x000018       data   0x000001
.udata_Output\usb_device.o      udata   0x000060       data   0x000025
           .udata_c018i.o      udata   0x000085       data   0x00000a
     .udata_Output\main.o      udata   0x00008f       data   0x000009
.udata_Output\usb_function_hid.o      udata   0x000098       data   0x000003
         .idata_adcconv.o      idata   0x00009b       data   0x000000
        .udata_fxd1616u.o      udata   0x00009b       data   0x000000
        .idata_fxd1616u.o      idata   0x00009b       data   0x000000
         .udata_adcopen.o      udata   0x00009b       data   0x000000
         .idata_adcopen.o      idata   0x00009b       data   0x000000
         .udata_adcread.o      udata   0x00009b       data   0x000000
         .idata_adcread.o      idata   0x00009b       data   0x000000
        .udata_adcsetch.o      udata   0x00009b       data   0x000000
        .idata_adcsetch.o      idata   0x00009b       data   0x000000
          .udata___init.o      udata   0x00009b       data   0x000000
         .udata_adcconv.o      udata   0x00009b       data   0x000000
          .idata___init.o      idata   0x00009b       data   0x000000
         .idata_adcbusy.o      idata   0x00009b       data   0x000000
         .udata_adcbusy.o      udata   0x00009b       data   0x000000
     .idata_Output\main.o      idata   0x00009b       data   0x000000
.idata_Output\usb_function_hid.o      idata   0x00009b       data   0x000000
.idata_Output\usb_device.o      idata   0x00009b       data   0x000000
.idata_Output\usb_descriptors.o      idata   0x00009b       data   0x000000
.udata_Output\usb_descriptors.o      udata   0x00009b       data   0x000000
           .idata_c018i.o      idata   0x00009b       data   0x000000
                   .stack      udata   0x000300       data   0x000100
                  USB_BDT      udata   0x000400       data   0x00003b
            SFR_UNBANKED0      udata   0x000f66       data   0x00009a



                              Program Memory Usage 
                               Start         End      
                           ---------   ---------      
                            0x000000    0x001554      
                            0x001556    0x0017a7      
                            0x300000    0x300003      
                            0x300005    0x300006      
                            0x300008    0x30000d      
            6067 out of 33048 program addresses used, program memory utilization is 18%



                              Symbols - Sorted by Name
                     Name    Address   Location    Storage File                     
                ---------  ---------  ---------  --------- ---------                
                  BusyADC   0x001798    program     extern C:\MCC18\src\pmc_common\ADC\adcbusy.c
               ConvertADC   0x0017a2    program     extern C:\MCC18\src\pmc_common\ADC\adcconv.c
                   D1616S   0x001684    program     static C:\MCC18\src\traditional\math\fxd1616s.asm
                D1616SNEG   0x001692    program     static C:\MCC18\src\traditional\math\fxd1616s.asm
                 D1616SOK   0x00168e    program     static C:\MCC18\src\traditional\math\fxd1616s.asm
                  D1616SX   0x0016a4    program     static C:\MCC18\src\traditional\math\fxd1616s.asm
                    D1K_1   0x001748    program     static C:\MCC18\src\traditional\delays\d1ktcyx.asm
                     D1Kx   0x001746    program     static C:\MCC18\src\traditional\delays\d1ktcyx.asm
                  DA1616S   0x001674    program     static C:\MCC18\src\traditional\math\fxd1616s.asm
              Delay1KTCYx   0x00173c    program     extern C:\MCC18\src\traditional\delays\d1ktcyx.asm
                 FXD1616S   0x001662    program     extern C:\MCC18\src\traditional\math\fxd1616s.asm
                 FXD1616U   0x001710    program     extern C:\MCC18\src\traditional\math\fxd1616u.c
      HIDGetReportHandler   0x001470    program     extern C:\Microchip Solutions\Microchip\Usb\HID Device Driver\usb_function_hid.c
      HIDSetReportHandler   0x001472    program     extern C:\Microchip Solutions\Microchip\Usb\HID Device Driver\usb_function_hid.c
                  OpenADC   0x0015f4    program     extern C:\MCC18\src\pmc_common\ADC\adcopen.c
                ProcessIO   0x0011da    program     extern D:\LAB\C18\18Fx550_USB_MOUSE\main.c
                  ReadADC   0x001778    program     extern C:\MCC18\src\pmc_common\ADC\adcread.c
               SetChanADC   0x0016e2    program     extern C:\MCC18\src\pmc_common\ADC\adcsetch.c
       USBCBCheckOtherReq   0x0012be    program     extern D:\LAB\C18\18Fx550_USB_MOUSE\main.c
        USBCBErrorHandler   0x0012bc    program     extern D:\LAB\C18\18Fx550_USB_MOUSE\main.c
              USBCBInitEP   0x0012c4    program     extern D:\LAB\C18\18Fx550_USB_MOUSE\main.c
          USBCBSendResume   0x0012d6    program     extern D:\LAB\C18\18Fx550_USB_MOUSE\main.c
    USBCBStdSetDscHandler   0x0012c2    program     extern D:\LAB\C18\18Fx550_USB_MOUSE\main.c
             USBCBSuspend   0x0012b6    program     extern D:\LAB\C18\18Fx550_USB_MOUSE\main.c
     USBCBWakeFromSuspend   0x0012b8    program     extern D:\LAB\C18\18Fx550_USB_MOUSE\main.c
        USBCB_SOF_Handler   0x0012ba    program     extern D:\LAB\C18\18Fx550_USB_MOUSE\main.c
       USBCheckHIDRequest   0x001388    program     extern C:\Microchip Solutions\Microchip\Usb\HID Device Driver\usb_function_hid.c
       USBCheckStdRequest   0x0005ac    program     extern C:\Microchip Solutions\Microchip\Usb\usb_device.c
    USBClearInterruptFlag   0x001066    program     extern C:\Microchip Solutions\Microchip\Usb\usb_device.c
     USBConfigureEndpoint   0x000d54    program     extern C:\Microchip Solutions\Microchip\Usb\usb_device.c
         USBCtrlEPService   0x00032a    program     extern C:\Microchip Solutions\Microchip\Usb\usb_device.c
 USBCtrlEPServiceComplete   0x000906    program     extern C:\Microchip Solutions\Microchip\Usb\usb_device.c
      USBCtrlTrfInHandler   0x0003d6    program     extern C:\Microchip Solutions\Microchip\Usb\usb_device.c
     USBCtrlTrfOutHandler   0x0003c4    program     extern C:\Microchip Solutions\Microchip\Usb\usb_device.c
      USBCtrlTrfRxService   0x000bc0    program     extern C:\Microchip Solutions\Microchip\Usb\usb_device.c
   USBCtrlTrfSetupHandler   0x00037e    program     extern C:\Microchip Solutions\Microchip\Usb\usb_device.c
      USBCtrlTrfTxService   0x000aaa    program     extern C:\Microchip Solutions\Microchip\Usb\usb_device.c
            USBDeviceInit   0x000008    program     extern C:\Microchip Solutions\Microchip\Usb\usb_device.c
           USBDeviceTasks   0x0000b4    program     extern C:\Microchip Solutions\Microchip\Usb\usb_device.c
        USBEnableEndpoint   0x000e28    program     extern C:\Microchip Solutions\Microchip\Usb\usb_device.c
USBPrepareForNextSetupTrf   0x000470    program     extern C:\Microchip Solutions\Microchip\Usb\usb_device.c
         USBStallEndpoint   0x000e94    program     extern C:\Microchip Solutions\Microchip\Usb\usb_device.c
          USBStallHandler   0x00026e    program     extern C:\Microchip Solutions\Microchip\Usb\usb_device.c
  USBStdFeatureReqHandler   0x000674    program     extern C:\Microchip Solutions\Microchip\Usb\usb_device.c
      USBStdGetDscHandler   0x00078e    program     extern C:\Microchip Solutions\Microchip\Usb\usb_device.c
   USBStdGetStatusHandler   0x000842    program     extern C:\Microchip Solutions\Microchip\Usb\usb_device.c
      USBStdSetCfgHandler   0x000ce2    program     extern C:\Microchip Solutions\Microchip\Usb\usb_device.c
               USBSuspend   0x0002b4    program     extern C:\Microchip Solutions\Microchip\Usb\usb_device.c
     USBTransferOnePacket   0x000f74    program     extern C:\Microchip Solutions\Microchip\Usb\usb_device.c
       USBWakeFromSuspend   0x0002ec    program     extern C:\Microchip Solutions\Microchip\Usb\usb_device.c
               USB_CD_Ptr   0x00154d    program     extern D:\LAB\C18\18Fx550_USB_MOUSE\usb_descriptors.c
               USB_SD_Ptr   0x00154f    program     extern D:\LAB\C18\18Fx550_USB_MOUSE\usb_descriptors.c
USER_USB_CALLBACK_EVENT_HANDLER   0x0012f2    program     extern D:\LAB\C18\18Fx550_USB_MOUSE\main.c
              _2jContinue   0x0016ce    program     static C:\MCC18\src\traditional\stdclib\memset.asm
                   _3jEnd   0x0016d8    program     static C:\MCC18\src\traditional\stdclib\memset.asm
        _D1KTCYXCODE_0010   0x00174c    program     static C:\MCC18\src\traditional\delays\d1ktcyx.asm
        _D1KTCYXCODE_0016   0x001752    program     static C:\MCC18\src\traditional\delays\d1ktcyx.asm
      ___case_-1_lbl00041   0x001372    program     static                          
       ___case_1_lbl00042   0x001376    program     static                          
      ___case_21_lbl00035   0x00135a    program     static                          
      ___case_22_lbl00036   0x00135e    program     static                          
      ___case_23_lbl00037   0x001362    program     static                          
       ___case_2_lbl00038   0x001366    program     static                          
       ___case_3_lbl00040   0x00136e    program     static                          
       ___case_4_lbl00039   0x00136a    program     static                          
      ___default_lbl00043   0x00137a    program     static                          
       ___return_lbl00000   0x00173a    program     static                          
       ___return_lbl00000   0x000004    program     static                          
       ___return_lbl00001   0x001776    program     static                          
       ___return_lbl00002   0x0015f2    program     static                          
       ___return_lbl00033   0x001380    program     static                          
   ___switchexit_lbl00034   0x00137c    program     static                          
               __config_0   0x300000    program     static D:\LAB\C18\18Fx550_USB_MOUSE\main.c
               __config_1   0x300001    program     static D:\LAB\C18\18Fx550_USB_MOUSE\main.c
              __config_10   0x30000c    program     static D:\LAB\C18\18Fx550_USB_MOUSE\main.c
              __config_11   0x30000d    program     static D:\LAB\C18\18Fx550_USB_MOUSE\main.c
               __config_2   0x300002    program     static D:\LAB\C18\18Fx550_USB_MOUSE\main.c
               __config_3   0x300003    program     static D:\LAB\C18\18Fx550_USB_MOUSE\main.c
               __config_4   0x300005    program     static D:\LAB\C18\18Fx550_USB_MOUSE\main.c
               __config_5   0x300006    program     static D:\LAB\C18\18Fx550_USB_MOUSE\main.c
               __config_6   0x300008    program     static D:\LAB\C18\18Fx550_USB_MOUSE\main.c
               __config_7   0x300009    program     static D:\LAB\C18\18Fx550_USB_MOUSE\main.c
               __config_8   0x30000a    program     static D:\LAB\C18\18Fx550_USB_MOUSE\main.c
               __config_9   0x30000b    program     static D:\LAB\C18\18Fx550_USB_MOUSE\main.c
                   __init   0x0017a6    program     extern C:\MCC18\src\traditional\stdclib\__init.c
               __tmplbl_2   0x00130e    program     static                          
               __tmplbl_3   0x00131a    program     static                          
               __tmplbl_4   0x001324    program     static                          
               __tmplbl_5   0x00132e    program     static                          
               __tmplbl_6   0x001338    program     static                          
               __tmplbl_7   0x001342    program     static                          
               __tmplbl_8   0x00134c    program     static                          
               __tmplbl_9   0x001356    program     static                          
            __zero_memory   0x00178a    program     extern C:\MCC18\src\traditional\proc\p18F2550.asm
                _do_cinit   0x001556    program     extern C:\MCC18\src\traditional\startup\c018i.c
                   _entry   0x000000    program     extern C:\MCC18\src\traditional\startup\c018i.c
                 _startup   0x00175c    program     extern C:\MCC18\src\traditional\startup\c018i.c
                 adc_init   0x00109e    program     extern D:\LAB\C18\18Fx550_USB_MOUSE\main.c
                  adc_map   0x001108    program     extern D:\LAB\C18\18Fx550_USB_MOUSE\main.c
                 adc_read   0x0010ba    program     extern D:\LAB\C18\18Fx550_USB_MOUSE\main.c
               clear_loop   0x001790    program     static C:\MCC18\src\traditional\proc\p18F2550.asm
        configDescriptor1   0x001486    program     extern D:\LAB\C18\18Fx550_USB_MOUSE\usb_descriptors.c
                copy_loop   0x0015c8    program     static                          
            copy_one_byte   0x0015ce    program     static                          
               device_dsc   0x001474    program     extern D:\LAB\C18\18Fx550_USB_MOUSE\usb_descriptors.c
                     done   0x0015f2    program     static                          
             done_copying   0x0015dc    program     static                          
                  endloop   0x001736    program     static                          
            getKeyPressed   0x001284    program     extern D:\LAB\C18\18Fx550_USB_MOUSE\main.c
                hid_rpt01   0x00150e    program     extern D:\LAB\C18\18Fx550_USB_MOUSE\usb_descriptors.c
                     jEnd   0x0016e0    program     static C:\MCC18\src\traditional\stdclib\memset.asm
                    jLoop   0x0016c2    program     static C:\MCC18\src\traditional\stdclib\memset.asm
                     loop   0x00171a    program     static                          
                     loop   0x00176c    program     static                          
                     main   0x0010ea    program     extern D:\LAB\C18\18Fx550_USB_MOUSE\main.c
                   memset   0x0016ae    program     extern C:\MCC18\src\traditional\stdclib\memset.asm
                    sd000   0x0014a8    program     extern D:\LAB\C18\18Fx550_USB_MOUSE\usb_descriptors.c
                    sd001   0x0014ac    program     extern D:\LAB\C18\18Fx550_USB_MOUSE\usb_descriptors.c
                    sd002   0x0014e0    program     extern D:\LAB\C18\18Fx550_USB_MOUSE\usb_descriptors.c
                     test   0x001570    program     static                          
                   ADCON0   0x000fc2       data     extern C:\MCC18\src\traditional\proc\p18F2550.asm
               ADCON0bits   0x000fc2       data     extern C:\MCC18\src\traditional\proc\p18F2550.asm
                   ADCON1   0x000fc1       data     extern C:\MCC18\src\traditional\proc\p18F2550.asm
               ADCON1bits   0x000fc1       data     extern C:\MCC18\src\traditional\proc\p18F2550.asm
                   ADCON2   0x000fc0       data     extern C:\MCC18\src\traditional\proc\p18F2550.asm
               ADCON2bits   0x000fc0       data     extern C:\MCC18\src\traditional\proc\p18F2550.asm
                    ADRES   0x000fc3       data     extern C:\MCC18\src\traditional\proc\p18F2550.asm
                   ADRESH   0x000fc4       data     extern C:\MCC18\src\traditional\proc\p18F2550.asm
                   ADRESL   0x000fc3       data     extern C:\MCC18\src\traditional\proc\p18F2550.asm
                  BAUDCON   0x000fb8       data     extern C:\MCC18\src\traditional\proc\p18F2550.asm
              BAUDCONbits   0x000fb8       data     extern C:\MCC18\src\traditional\proc\p18F2550.asm
                      BDT   0x000400       data     extern C:\Microchip Solutions\Microchip\Usb\usb_device.c
                      BSR   0x000fe0       data     extern C:\MCC18\src\traditional\proc\p18F2550.asm
                   CCP1AS   0x000fb6       data     extern C:\MCC18\src\traditional\proc\p18F2550.asm
               CCP1ASbits   0x000fb6       data     extern C:\MCC18\src\traditional\proc\p18F2550.asm
                  CCP1CON   0x000fbd       data     extern C:\MCC18\src\traditional\proc\p18F2550.asm
              CCP1CONbits   0x000fbd       data     extern C:\MCC18\src\traditional\proc\p18F2550.asm
                  CCP1DEL   0x000fb7       data     extern C:\MCC18\src\traditional\proc\p18F2550.asm
              CCP1DELbits   0x000fb7       data     extern C:\MCC18\src\traditional\proc\p18F2550.asm
                  CCP2CON   0x000fba       data     extern C:\MCC18\src\traditional\proc\p18F2550.asm
              CCP2CONbits   0x000fba       data     extern C:\MCC18\src\traditional\proc\p18F2550.asm
                    CCPR1   0x000fbe       data     extern C:\MCC18\src\traditional\proc\p18F2550.asm
                   CCPR1H   0x000fbf       data     extern C:\MCC18\src\traditional\proc\p18F2550.asm
                   CCPR1L   0x000fbe       data     extern C:\MCC18\src\traditional\proc\p18F2550.asm
                    CCPR2   0x000fbb       data     extern C:\MCC18\src\traditional\proc\p18F2550.asm
                   CCPR2H   0x000fbc       data     extern C:\MCC18\src\traditional\proc\p18F2550.asm
                   CCPR2L   0x000fbb       data     extern C:\MCC18\src\traditional\proc\p18F2550.asm
                    CMCON   0x000fb4       data     extern C:\MCC18\src\traditional\proc\p18F2550.asm
                CMCONbits   0x000fb4       data     extern C:\MCC18\src\traditional\proc\p18F2550.asm
                   CVRCON   0x000fb5       data     extern C:\MCC18\src\traditional\proc\p18F2550.asm
               CVRCONbits   0x000fb5       data     extern C:\MCC18\src\traditional\proc\p18F2550.asm
              CtrlTrfData   0x000428       data     extern C:\Microchip Solutions\Microchip\Usb\usb_device.c
                     DDRA   0x000f92       data     extern C:\MCC18\src\traditional\proc\p18F2550.asm
                 DDRAbits   0x000f92       data     extern C:\MCC18\src\traditional\proc\p18F2550.asm
                     DDRB   0x000f93       data     extern C:\MCC18\src\traditional\proc\p18F2550.asm
                 DDRBbits   0x000f93       data     extern C:\MCC18\src\traditional\proc\p18F2550.asm
                     DDRC   0x000f94       data     extern C:\MCC18\src\traditional\proc\p18F2550.asm
                 DDRCbits   0x000f94       data     extern C:\MCC18\src\traditional\proc\p18F2550.asm
            DelayCounter1   0x000018       data     extern C:\MCC18\src\traditional\delays\delayd1.asm
                  ECCP1AS   0x000fb6       data     extern C:\MCC18\src\traditional\proc\p18F2550.asm
              ECCP1ASbits   0x000fb6       data     extern C:\MCC18\src\traditional\proc\p18F2550.asm
                 ECCP1DEL   0x000fb7       data     extern C:\MCC18\src\traditional\proc\p18F2550.asm
             ECCP1DELbits   0x000fb7       data     extern C:\MCC18\src\traditional\proc\p18F2550.asm
                    EEADR   0x000fa9       data     extern C:\MCC18\src\traditional\proc\p18F2550.asm
                   EECON1   0x000fa6       data     extern C:\MCC18\src\traditional\proc\p18F2550.asm
               EECON1bits   0x000fa6       data     extern C:\MCC18\src\traditional\proc\p18F2550.asm
                   EECON2   0x000fa7       data     extern C:\MCC18\src\traditional\proc\p18F2550.asm
                   EEDATA   0x000fa8       data     extern C:\MCC18\src\traditional\proc\p18F2550.asm
                     FSR0   0x000fe9       data     extern C:\MCC18\src\traditional\proc\p18F2550.asm
                    FSR0H   0x000fea       data     extern C:\MCC18\src\traditional\proc\p18F2550.asm
                    FSR0L   0x000fe9       data     extern C:\MCC18\src\traditional\proc\p18F2550.asm
                     FSR1   0x000fe1       data     extern C:\MCC18\src\traditional\proc\p18F2550.asm
                    FSR1H   0x000fe2       data     extern C:\MCC18\src\traditional\proc\p18F2550.asm
                    FSR1L   0x000fe1       data     extern C:\MCC18\src\traditional\proc\p18F2550.asm
                     FSR2   0x000fd9       data     extern C:\MCC18\src\traditional\proc\p18F2550.asm
                    FSR2H   0x000fda       data     extern C:\MCC18\src\traditional\proc\p18F2550.asm
                    FSR2L   0x000fd9       data     extern C:\MCC18\src\traditional\proc\p18F2550.asm
                  HLVDCON   0x000fd2       data     extern C:\MCC18\src\traditional\proc\p18F2550.asm
              HLVDCONbits   0x000fd2       data     extern C:\MCC18\src\traditional\proc\p18F2550.asm
                    INDF0   0x000fef       data     extern C:\MCC18\src\traditional\proc\p18F2550.asm
                    INDF1   0x000fe7       data     extern C:\MCC18\src\traditional\proc\p18F2550.asm
                    INDF2   0x000fdf       data     extern C:\MCC18\src\traditional\proc\p18F2550.asm
                   INTCON   0x000ff2       data     extern C:\MCC18\src\traditional\proc\p18F2550.asm
                  INTCON2   0x000ff1       data     extern C:\MCC18\src\traditional\proc\p18F2550.asm
              INTCON2bits   0x000ff1       data     extern C:\MCC18\src\traditional\proc\p18F2550.asm
                  INTCON3   0x000ff0       data     extern C:\MCC18\src\traditional\proc\p18F2550.asm
              INTCON3bits   0x000ff0       data     extern C:\MCC18\src\traditional\proc\p18F2550.asm
               INTCONbits   0x000ff2       data     extern C:\MCC18\src\traditional\proc\p18F2550.asm
                     IPR1   0x000f9f       data     extern C:\MCC18\src\traditional\proc\p18F2550.asm
                 IPR1bits   0x000f9f       data     extern C:\MCC18\src\traditional\proc\p18F2550.asm
                     IPR2   0x000fa2       data     extern C:\MCC18\src\traditional\proc\p18F2550.asm
                 IPR2bits   0x000fa2       data     extern C:\MCC18\src\traditional\proc\p18F2550.asm
                     LATA   0x000f89       data     extern C:\MCC18\src\traditional\proc\p18F2550.asm
                 LATAbits   0x000f89       data     extern C:\MCC18\src\traditional\proc\p18F2550.asm
                     LATB   0x000f8a       data     extern C:\MCC18\src\traditional\proc\p18F2550.asm
                 LATBbits   0x000f8a       data     extern C:\MCC18\src\traditional\proc\p18F2550.asm
                     LATC   0x000f8b       data     extern C:\MCC18\src\traditional\proc\p18F2550.asm
                 LATCbits   0x000f8b       data     extern C:\MCC18\src\traditional\proc\p18F2550.asm
                   LVDCON   0x000fd2       data     extern C:\MCC18\src\traditional\proc\p18F2550.asm
               LVDCONbits   0x000fd2       data     extern C:\MCC18\src\traditional\proc\p18F2550.asm
                   OSCCON   0x000fd3       data     extern C:\MCC18\src\traditional\proc\p18F2550.asm
               OSCCONbits   0x000fd3       data     extern C:\MCC18\src\traditional\proc\p18F2550.asm
                  OSCTUNE   0x000f9b       data     extern C:\MCC18\src\traditional\proc\p18F2550.asm
              OSCTUNEbits   0x000f9b       data     extern C:\MCC18\src\traditional\proc\p18F2550.asm
                       PC   0x000ff9       data     extern C:\MCC18\src\traditional\proc\p18F2550.asm
                      PCL   0x000ff9       data     extern C:\MCC18\src\traditional\proc\p18F2550.asm
                   PCLATH   0x000ffa       data     extern C:\MCC18\src\traditional\proc\p18F2550.asm
                   PCLATU   0x000ffb       data     extern C:\MCC18\src\traditional\proc\p18F2550.asm
                     PIE1   0x000f9d       data     extern C:\MCC18\src\traditional\proc\p18F2550.asm
                 PIE1bits   0x000f9d       data     extern C:\MCC18\src\traditional\proc\p18F2550.asm
                     PIE2   0x000fa0       data     extern C:\MCC18\src\traditional\proc\p18F2550.asm
                 PIE2bits   0x000fa0       data     extern C:\MCC18\src\traditional\proc\p18F2550.asm
                     PIR1   0x000f9e       data     extern C:\MCC18\src\traditional\proc\p18F2550.asm
                 PIR1bits   0x000f9e       data     extern C:\MCC18\src\traditional\proc\p18F2550.asm
                     PIR2   0x000fa1       data     extern C:\MCC18\src\traditional\proc\p18F2550.asm
                 PIR2bits   0x000fa1       data     extern C:\MCC18\src\traditional\proc\p18F2550.asm
                   PLUSW0   0x000feb       data     extern C:\MCC18\src\traditional\proc\p18F2550.asm
                   PLUSW1   0x000fe3       data     extern C:\MCC18\src\traditional\proc\p18F2550.asm
                   PLUSW2   0x000fdb       data     extern C:\MCC18\src\traditional\proc\p18F2550.asm
                    PORTA   0x000f80       data     extern C:\MCC18\src\traditional\proc\p18F2550.asm
                PORTAbits   0x000f80       data     extern C:\MCC18\src\traditional\proc\p18F2550.asm
                    PORTB   0x000f81       data     extern C:\MCC18\src\traditional\proc\p18F2550.asm
                PORTBbits   0x000f81       data     extern C:\MCC18\src\traditional\proc\p18F2550.asm
                    PORTC   0x000f82       data     extern C:\MCC18\src\traditional\proc\p18F2550.asm
                PORTCbits   0x000f82       data     extern C:\MCC18\src\traditional\proc\p18F2550.asm
                    PORTE   0x000f84       data     extern C:\MCC18\src\traditional\proc\p18F2550.asm
                PORTEbits   0x000f84       data     extern C:\MCC18\src\traditional\proc\p18F2550.asm
                 POSTDEC0   0x000fed       data     extern C:\MCC18\src\traditional\proc\p18F2550.asm
                 POSTDEC1   0x000fe5       data     extern C:\MCC18\src\traditional\proc\p18F2550.asm
                 POSTDEC2   0x000fdd       data     extern C:\MCC18\src\traditional\proc\p18F2550.asm
                 POSTINC0   0x000fee       data     extern C:\MCC18\src\traditional\proc\p18F2550.asm
                 POSTINC1   0x000fe6       data     extern C:\MCC18\src\traditional\proc\p18F2550.asm
                 POSTINC2   0x000fde       data     extern C:\MCC18\src\traditional\proc\p18F2550.asm
                      PR2   0x000fcb       data     extern C:\MCC18\src\traditional\proc\p18F2550.asm
                  PREINC0   0x000fec       data     extern C:\MCC18\src\traditional\proc\p18F2550.asm
                  PREINC1   0x000fe4       data     extern C:\MCC18\src\traditional\proc\p18F2550.asm
                  PREINC2   0x000fdc       data     extern C:\MCC18\src\traditional\proc\p18F2550.asm
                     PROD   0x000ff3       data     extern C:\MCC18\src\traditional\proc\p18F2550.asm
                    PRODH   0x000ff4       data     extern C:\MCC18\src\traditional\proc\p18F2550.asm
                    PRODL   0x000ff3       data     extern C:\MCC18\src\traditional\proc\p18F2550.asm
                     RCON   0x000fd0       data     extern C:\MCC18\src\traditional\proc\p18F2550.asm
                 RCONbits   0x000fd0       data     extern C:\MCC18\src\traditional\proc\p18F2550.asm
                    RCREG   0x000fae       data     extern C:\MCC18\src\traditional\proc\p18F2550.asm
                    RCSTA   0x000fab       data     extern C:\MCC18\src\traditional\proc\p18F2550.asm
                RCSTAbits   0x000fab       data     extern C:\MCC18\src\traditional\proc\p18F2550.asm
             RemoteWakeup   0x00007f       data     extern C:\Microchip Solutions\Microchip\Usb\usb_device.c
                     SIGN   0x000000       data     extern C:\MCC18\src\traditional\math\cmath18.asm
                    SPBRG   0x000faf       data     extern C:\MCC18\src\traditional\proc\p18F2550.asm
                   SPBRGH   0x000fb0       data     extern C:\MCC18\src\traditional\proc\p18F2550.asm
                   SSPADD   0x000fc8       data     extern C:\MCC18\src\traditional\proc\p18F2550.asm
                   SSPBUF   0x000fc9       data     extern C:\MCC18\src\traditional\proc\p18F2550.asm
                  SSPCON1   0x000fc6       data     extern C:\MCC18\src\traditional\proc\p18F2550.asm
              SSPCON1bits   0x000fc6       data     extern C:\MCC18\src\traditional\proc\p18F2550.asm
                  SSPCON2   0x000fc5       data     extern C:\MCC18\src\traditional\proc\p18F2550.asm
              SSPCON2bits   0x000fc5       data     extern C:\MCC18\src\traditional\proc\p18F2550.asm
                  SSPSTAT   0x000fc7       data     extern C:\MCC18\src\traditional\proc\p18F2550.asm
              SSPSTATbits   0x000fc7       data     extern C:\MCC18\src\traditional\proc\p18F2550.asm
                   STATUS   0x000fd8       data     extern C:\MCC18\src\traditional\proc\p18F2550.asm
               STATUSbits   0x000fd8       data     extern C:\MCC18\src\traditional\proc\p18F2550.asm
                   STKPTR   0x000ffc       data     extern C:\MCC18\src\traditional\proc\p18F2550.asm
               STKPTRbits   0x000ffc       data     extern C:\MCC18\src\traditional\proc\p18F2550.asm
                 SetupPkt   0x000420       data     extern C:\Microchip Solutions\Microchip\Usb\usb_device.c
                    T0CON   0x000fd5       data     extern C:\MCC18\src\traditional\proc\p18F2550.asm
                T0CONbits   0x000fd5       data     extern C:\MCC18\src\traditional\proc\p18F2550.asm
                    T1CON   0x000fcd       data     extern C:\MCC18\src\traditional\proc\p18F2550.asm
                T1CONbits   0x000fcd       data     extern C:\MCC18\src\traditional\proc\p18F2550.asm
                    T2CON   0x000fca       data     extern C:\MCC18\src\traditional\proc\p18F2550.asm
                T2CONbits   0x000fca       data     extern C:\MCC18\src\traditional\proc\p18F2550.asm
                    T3CON   0x000fb1       data     extern C:\MCC18\src\traditional\proc\p18F2550.asm
                T3CONbits   0x000fb1       data     extern C:\MCC18\src\traditional\proc\p18F2550.asm
                   TABLAT   0x000ff5       data     extern C:\MCC18\src\traditional\proc\p18F2550.asm
                   TBLPTR   0x000ff6       data     extern C:\MCC18\src\traditional\proc\p18F2550.asm
                  TBLPTRH   0x000ff7       data     extern C:\MCC18\src\traditional\proc\p18F2550.asm
                  TBLPTRL   0x000ff6       data     extern C:\MCC18\src\traditional\proc\p18F2550.asm
                  TBLPTRU   0x000ff8       data     extern C:\MCC18\src\traditional\proc\p18F2550.asm
                    TMR0H   0x000fd7       data     extern C:\MCC18\src\traditional\proc\p18F2550.asm
                    TMR0L   0x000fd6       data     extern C:\MCC18\src\traditional\proc\p18F2550.asm
                    TMR1H   0x000fcf       data     extern C:\MCC18\src\traditional\proc\p18F2550.asm
                    TMR1L   0x000fce       data     extern C:\MCC18\src\traditional\proc\p18F2550.asm
                     TMR2   0x000fcc       data     extern C:\MCC18\src\traditional\proc\p18F2550.asm
                    TMR3H   0x000fb3       data     extern C:\MCC18\src\traditional\proc\p18F2550.asm
                    TMR3L   0x000fb2       data     extern C:\MCC18\src\traditional\proc\p18F2550.asm
                      TOS   0x000ffd       data     extern C:\MCC18\src\traditional\proc\p18F2550.asm
                     TOSH   0x000ffe       data     extern C:\MCC18\src\traditional\proc\p18F2550.asm
                     TOSL   0x000ffd       data     extern C:\MCC18\src\traditional\proc\p18F2550.asm
                     TOSU   0x000fff       data     extern C:\MCC18\src\traditional\proc\p18F2550.asm
                    TRISA   0x000f92       data     extern C:\MCC18\src\traditional\proc\p18F2550.asm
                TRISAbits   0x000f92       data     extern C:\MCC18\src\traditional\proc\p18F2550.asm
                    TRISB   0x000f93       data     extern C:\MCC18\src\traditional\proc\p18F2550.asm
                TRISBbits   0x000f93       data     extern C:\MCC18\src\traditional\proc\p18F2550.asm
                    TRISC   0x000f94       data     extern C:\MCC18\src\traditional\proc\p18F2550.asm
                TRISCbits   0x000f94       data     extern C:\MCC18\src\traditional\proc\p18F2550.asm
                    TXREG   0x000fad       data     extern C:\MCC18\src\traditional\proc\p18F2550.asm
                    TXSTA   0x000fac       data     extern C:\MCC18\src\traditional\proc\p18F2550.asm
                TXSTAbits   0x000fac       data     extern C:\MCC18\src\traditional\proc\p18F2550.asm
                    UADDR   0x000f6e       data     extern C:\MCC18\src\traditional\proc\p18F2550.asm
                UADDRbits   0x000f6e       data     extern C:\MCC18\src\traditional\proc\p18F2550.asm
                     UCFG   0x000f6f       data     extern C:\MCC18\src\traditional\proc\p18F2550.asm
                 UCFGbits   0x000f6f       data     extern C:\MCC18\src\traditional\proc\p18F2550.asm
                     UCON   0x000f6d       data     extern C:\MCC18\src\traditional\proc\p18F2550.asm
                 UCONbits   0x000f6d       data     extern C:\MCC18\src\traditional\proc\p18F2550.asm
                     UEIE   0x000f6b       data     extern C:\MCC18\src\traditional\proc\p18F2550.asm
                 UEIEbits   0x000f6b       data     extern C:\MCC18\src\traditional\proc\p18F2550.asm
                     UEIR   0x000f6a       data     extern C:\MCC18\src\traditional\proc\p18F2550.asm
                 UEIRbits   0x000f6a       data     extern C:\MCC18\src\traditional\proc\p18F2550.asm
                     UEP0   0x000f70       data     extern C:\MCC18\src\traditional\proc\p18F2550.asm
                 UEP0bits   0x000f70       data     extern C:\MCC18\src\traditional\proc\p18F2550.asm
                     UEP1   0x000f71       data     extern C:\MCC18\src\traditional\proc\p18F2550.asm
                    UEP10   0x000f7a       data     extern C:\MCC18\src\traditional\proc\p18F2550.asm
                UEP10bits   0x000f7a       data     extern C:\MCC18\src\traditional\proc\p18F2550.asm
                    UEP11   0x000f7b       data     extern C:\MCC18\src\traditional\proc\p18F2550.asm
                UEP11bits   0x000f7b       data     extern C:\MCC18\src\traditional\proc\p18F2550.asm
                    UEP12   0x000f7c       data     extern C:\MCC18\src\traditional\proc\p18F2550.asm
                UEP12bits   0x000f7c       data     extern C:\MCC18\src\traditional\proc\p18F2550.asm
                    UEP13   0x000f7d       data     extern C:\MCC18\src\traditional\proc\p18F2550.asm
                UEP13bits   0x000f7d       data     extern C:\MCC18\src\traditional\proc\p18F2550.asm
                    UEP14   0x000f7e       data     extern C:\MCC18\src\traditional\proc\p18F2550.asm
                UEP14bits   0x000f7e       data     extern C:\MCC18\src\traditional\proc\p18F2550.asm
                    UEP15   0x000f7f       data     extern C:\MCC18\src\traditional\proc\p18F2550.asm
                UEP15bits   0x000f7f       data     extern C:\MCC18\src\traditional\proc\p18F2550.asm
                 UEP1bits   0x000f71       data     extern C:\MCC18\src\traditional\proc\p18F2550.asm
                     UEP2   0x000f72       data     extern C:\MCC18\src\traditional\proc\p18F2550.asm
                 UEP2bits   0x000f72       data     extern C:\MCC18\src\traditional\proc\p18F2550.asm
                     UEP3   0x000f73       data     extern C:\MCC18\src\traditional\proc\p18F2550.asm
                 UEP3bits   0x000f73       data     extern C:\MCC18\src\traditional\proc\p18F2550.asm
                     UEP4   0x000f74       data     extern C:\MCC18\src\traditional\proc\p18F2550.asm
                 UEP4bits   0x000f74       data     extern C:\MCC18\src\traditional\proc\p18F2550.asm
                     UEP5   0x000f75       data     extern C:\MCC18\src\traditional\proc\p18F2550.asm
                 UEP5bits   0x000f75       data     extern C:\MCC18\src\traditional\proc\p18F2550.asm
                     UEP6   0x000f76       data     extern C:\MCC18\src\traditional\proc\p18F2550.asm
                 UEP6bits   0x000f76       data     extern C:\MCC18\src\traditional\proc\p18F2550.asm
                     UEP7   0x000f77       data     extern C:\MCC18\src\traditional\proc\p18F2550.asm
                 UEP7bits   0x000f77       data     extern C:\MCC18\src\traditional\proc\p18F2550.asm
                     UEP8   0x000f78       data     extern C:\MCC18\src\traditional\proc\p18F2550.asm
                 UEP8bits   0x000f78       data     extern C:\MCC18\src\traditional\proc\p18F2550.asm
                     UEP9   0x000f79       data     extern C:\MCC18\src\traditional\proc\p18F2550.asm
                 UEP9bits   0x000f79       data     extern C:\MCC18\src\traditional\proc\p18F2550.asm
                     UFRM   0x000f66       data     extern C:\MCC18\src\traditional\proc\p18F2550.asm
                    UFRMH   0x000f67       data     extern C:\MCC18\src\traditional\proc\p18F2550.asm
                UFRMHbits   0x000f67       data     extern C:\MCC18\src\traditional\proc\p18F2550.asm
                    UFRML   0x000f66       data     extern C:\MCC18\src\traditional\proc\p18F2550.asm
                UFRMLbits   0x000f66       data     extern C:\MCC18\src\traditional\proc\p18F2550.asm
                      UIE   0x000f69       data     extern C:\MCC18\src\traditional\proc\p18F2550.asm
                  UIEbits   0x000f69       data     extern C:\MCC18\src\traditional\proc\p18F2550.asm
                      UIR   0x000f68       data     extern C:\MCC18\src\traditional\proc\p18F2550.asm
                  UIRbits   0x000f68       data     extern C:\MCC18\src\traditional\proc\p18F2550.asm
   USBActiveConfiguration   0x000061       data     extern C:\Microchip Solutions\Microchip\Usb\usb_device.c
    USBAlternateInterface   0x000062       data     extern C:\Microchip Solutions\Microchip\Usb\usb_device.c
           USBDeviceState   0x000060       data     extern C:\Microchip Solutions\Microchip\Usb\usb_device.c
                USBInData   0x000083       data     extern C:\Microchip Solutions\Microchip\Usb\usb_device.c
       USBInMaxPacketSize   0x000081       data     extern C:\Microchip Solutions\Microchip\Usb\usb_device.c
                    USTAT   0x000f6c       data     extern C:\MCC18\src\traditional\proc\p18F2550.asm
                USTATbits   0x000f6c       data     extern C:\MCC18\src\traditional\proc\p18F2550.asm
                USTATcopy   0x000080       data     extern C:\Microchip Solutions\Microchip\Usb\usb_device.c
                   WDTCON   0x000fd1       data     extern C:\MCC18\src\traditional\proc\p18F2550.asm
               WDTCONbits   0x000fd1       data     extern C:\MCC18\src\traditional\proc\p18F2550.asm
                     WREG   0x000fe8       data     extern C:\MCC18\src\traditional\proc\p18F2550.asm
                 __AARGB0   0x000009       data     extern C:\MCC18\src\traditional\math\aarg.asm
                 __AARGB1   0x000008       data     extern C:\MCC18\src\traditional\math\aarg.asm
                 __AARGB2   0x000007       data     extern C:\MCC18\src\traditional\math\aarg.asm
                 __AARGB3   0x000006       data     extern C:\MCC18\src\traditional\math\aarg.asm
                 __AARGB4   0x000005       data     extern C:\MCC18\src\traditional\math\aarg.asm
                 __AARGB5   0x000004       data     extern C:\MCC18\src\traditional\math\aarg.asm
                 __AARGB6   0x000003       data     extern C:\MCC18\src\traditional\math\aarg.asm
                 __AARGB7   0x000002       data     extern C:\MCC18\src\traditional\math\aarg.asm
                   __AEXP   0x00000a       data     extern C:\MCC18\src\traditional\math\aarg.asm
                 __BARGB0   0x00000e       data     extern C:\MCC18\src\traditional\math\barg.asm
                 __BARGB1   0x00000d       data     extern C:\MCC18\src\traditional\math\barg.asm
                 __BARGB2   0x00000c       data     extern C:\MCC18\src\traditional\math\barg.asm
                 __BARGB3   0x00000b       data     extern C:\MCC18\src\traditional\math\barg.asm
                   __BEXP   0x00000f       data     extern C:\MCC18\src\traditional\math\barg.asm
                __FPFLAGS   0x000001       data     extern C:\MCC18\src\traditional\math\cmath18.asm
            __FPFLAGSbits   0x000001       data     extern C:\MCC18\src\traditional\math\cmath18.asm
                  __REMB0   0x000005       data     extern C:\MCC18\src\traditional\math\aarg.asm
                  __REMB1   0x000004       data     extern C:\MCC18\src\traditional\math\aarg.asm
                  __REMB2   0x000003       data     extern C:\MCC18\src\traditional\math\aarg.asm
                  __REMB3   0x000002       data     extern C:\MCC18\src\traditional\math\aarg.asm
                  __tmp_0   0x000010       data     static C:\MCC18\src\pmc_common\ADC\adcsetch.c
                  __tmp_0   0x000010       data     static C:\MCC18\src\pmc_common\ADC\adcread.c
                  __tmp_0   0x000010       data     static C:\MCC18\src\pmc_common\ADC\adcopen.c
                  __tmp_0   0x000010       data     static C:\Microchip Solutions\Microchip\Usb\usb_device.c
                  __tmp_0   0x000010       data     static D:\LAB\C18\18Fx550_USB_MOUSE\main.c
          active_protocol   0x000099       data     extern C:\Microchip Solutions\Microchip\Usb\HID Device Driver\usb_function_hid.c
                     adc0   0x000091       data     static D:\LAB\C18\18Fx550_USB_MOUSE\main.c
                     adc1   0x000093       data     static D:\LAB\C18\18Fx550_USB_MOUSE\main.c
     controlTransferState   0x000070       data     extern C:\Microchip Solutions\Microchip\Usb\usb_device.c
                curr_byte   0x000088       data     static C:\MCC18\src\traditional\startup\c018i.c
               curr_entry   0x00008a       data     static C:\MCC18\src\traditional\startup\c018i.c
                 data_ptr   0x00008c       data     static C:\MCC18\src\traditional\startup\c018i.c
              delay_count   0x000096       data     static D:\LAB\C18\18Fx550_USB_MOUSE\main.c
              hidTxHandle   0x00008f       data     extern D:\LAB\C18\18Fx550_USB_MOUSE\main.c
            hid_report_in   0x000433       data     extern C:\Microchip Solutions\Microchip\Usb\usb_device.c
           hid_report_out   0x000430       data     extern C:\Microchip Solutions\Microchip\Usb\usb_device.c
           hid_rpt_rx_len   0x00009a       data     extern C:\Microchip Solutions\Microchip\Usb\HID Device Driver\usb_function_hid.c
                idle_rate   0x000098       data     extern C:\Microchip Solutions\Microchip\Usb\HID Device Driver\usb_function_hid.c
                  inPipes   0x000071       data     extern C:\Microchip Solutions\Microchip\Usb\usb_device.c
                 key_last   0x000095       data     static D:\LAB\C18\18Fx550_USB_MOUSE\main.c
                 outPipes   0x000076       data     extern C:\Microchip Solutions\Microchip\Usb\usb_device.c
   pBDTEntryEP0OutCurrent   0x000063       data     extern C:\Microchip Solutions\Microchip\Usb\usb_device.c
      pBDTEntryEP0OutNext   0x000065       data     extern C:\Microchip Solutions\Microchip\Usb\usb_device.c
              pBDTEntryIn   0x00006b       data     extern C:\Microchip Solutions\Microchip\Usb\usb_device.c
             pBDTEntryOut   0x000067       data     extern C:\Microchip Solutions\Microchip\Usb\usb_device.c
                     pDst   0x00007d       data     extern C:\Microchip Solutions\Microchip\Usb\usb_device.c
                     prom   0x000085       data     static C:\MCC18\src\traditional\startup\c018i.c
        shortPacketStatus   0x00006f       data     extern C:\Microchip Solutions\Microchip\Usb\usb_device.c



                              Symbols - Sorted by Address
                     Name    Address   Location    Storage File                     
                ---------  ---------  ---------  --------- ---------                
                   _entry   0x000000    program     extern C:\MCC18\src\traditional\startup\c018i.c
       ___return_lbl00000   0x000004    program     static                          
            USBDeviceInit   0x000008    program     extern C:\Microchip Solutions\Microchip\Usb\usb_device.c
           USBDeviceTasks   0x0000b4    program     extern C:\Microchip Solutions\Microchip\Usb\usb_device.c
          USBStallHandler   0x00026e    program     extern C:\Microchip Solutions\Microchip\Usb\usb_device.c
               USBSuspend   0x0002b4    program     extern C:\Microchip Solutions\Microchip\Usb\usb_device.c
       USBWakeFromSuspend   0x0002ec    program     extern C:\Microchip Solutions\Microchip\Usb\usb_device.c
         USBCtrlEPService   0x00032a    program     extern C:\Microchip Solutions\Microchip\Usb\usb_device.c
   USBCtrlTrfSetupHandler   0x00037e    program     extern C:\Microchip Solutions\Microchip\Usb\usb_device.c
     USBCtrlTrfOutHandler   0x0003c4    program     extern C:\Microchip Solutions\Microchip\Usb\usb_device.c
      USBCtrlTrfInHandler   0x0003d6    program     extern C:\Microchip Solutions\Microchip\Usb\usb_device.c
USBPrepareForNextSetupTrf   0x000470    program     extern C:\Microchip Solutions\Microchip\Usb\usb_device.c
       USBCheckStdRequest   0x0005ac    program     extern C:\Microchip Solutions\Microchip\Usb\usb_device.c
  USBStdFeatureReqHandler   0x000674    program     extern C:\Microchip Solutions\Microchip\Usb\usb_device.c
      USBStdGetDscHandler   0x00078e    program     extern C:\Microchip Solutions\Microchip\Usb\usb_device.c
   USBStdGetStatusHandler   0x000842    program     extern C:\Microchip Solutions\Microchip\Usb\usb_device.c
 USBCtrlEPServiceComplete   0x000906    program     extern C:\Microchip Solutions\Microchip\Usb\usb_device.c
      USBCtrlTrfTxService   0x000aaa    program     extern C:\Microchip Solutions\Microchip\Usb\usb_device.c
      USBCtrlTrfRxService   0x000bc0    program     extern C:\Microchip Solutions\Microchip\Usb\usb_device.c
      USBStdSetCfgHandler   0x000ce2    program     extern C:\Microchip Solutions\Microchip\Usb\usb_device.c
     USBConfigureEndpoint   0x000d54    program     extern C:\Microchip Solutions\Microchip\Usb\usb_device.c
        USBEnableEndpoint   0x000e28    program     extern C:\Microchip Solutions\Microchip\Usb\usb_device.c
         USBStallEndpoint   0x000e94    program     extern C:\Microchip Solutions\Microchip\Usb\usb_device.c
     USBTransferOnePacket   0x000f74    program     extern C:\Microchip Solutions\Microchip\Usb\usb_device.c
    USBClearInterruptFlag   0x001066    program     extern C:\Microchip Solutions\Microchip\Usb\usb_device.c
                 adc_init   0x00109e    program     extern D:\LAB\C18\18Fx550_USB_MOUSE\main.c
                 adc_read   0x0010ba    program     extern D:\LAB\C18\18Fx550_USB_MOUSE\main.c
                     main   0x0010ea    program     extern D:\LAB\C18\18Fx550_USB_MOUSE\main.c
                  adc_map   0x001108    program     extern D:\LAB\C18\18Fx550_USB_MOUSE\main.c
                ProcessIO   0x0011da    program     extern D:\LAB\C18\18Fx550_USB_MOUSE\main.c
            getKeyPressed   0x001284    program     extern D:\LAB\C18\18Fx550_USB_MOUSE\main.c
             USBCBSuspend   0x0012b6    program     extern D:\LAB\C18\18Fx550_USB_MOUSE\main.c
     USBCBWakeFromSuspend   0x0012b8    program     extern D:\LAB\C18\18Fx550_USB_MOUSE\main.c
        USBCB_SOF_Handler   0x0012ba    program     extern D:\LAB\C18\18Fx550_USB_MOUSE\main.c
        USBCBErrorHandler   0x0012bc    program     extern D:\LAB\C18\18Fx550_USB_MOUSE\main.c
       USBCBCheckOtherReq   0x0012be    program     extern D:\LAB\C18\18Fx550_USB_MOUSE\main.c
    USBCBStdSetDscHandler   0x0012c2    program     extern D:\LAB\C18\18Fx550_USB_MOUSE\main.c
              USBCBInitEP   0x0012c4    program     extern D:\LAB\C18\18Fx550_USB_MOUSE\main.c
          USBCBSendResume   0x0012d6    program     extern D:\LAB\C18\18Fx550_USB_MOUSE\main.c
USER_USB_CALLBACK_EVENT_HANDLER   0x0012f2    program     extern D:\LAB\C18\18Fx550_USB_MOUSE\main.c
               __tmplbl_2   0x00130e    program     static                          
               __tmplbl_3   0x00131a    program     static                          
               __tmplbl_4   0x001324    program     static                          
               __tmplbl_5   0x00132e    program     static                          
               __tmplbl_6   0x001338    program     static                          
               __tmplbl_7   0x001342    program     static                          
               __tmplbl_8   0x00134c    program     static                          
               __tmplbl_9   0x001356    program     static                          
      ___case_21_lbl00035   0x00135a    program     static                          
      ___case_22_lbl00036   0x00135e    program     static                          
      ___case_23_lbl00037   0x001362    program     static                          
       ___case_2_lbl00038   0x001366    program     static                          
       ___case_4_lbl00039   0x00136a    program     static                          
       ___case_3_lbl00040   0x00136e    program     static                          
      ___case_-1_lbl00041   0x001372    program     static                          
       ___case_1_lbl00042   0x001376    program     static                          
      ___default_lbl00043   0x00137a    program     static                          
   ___switchexit_lbl00034   0x00137c    program     static                          
       ___return_lbl00033   0x001380    program     static                          
       USBCheckHIDRequest   0x001388    program     extern C:\Microchip Solutions\Microchip\Usb\HID Device Driver\usb_function_hid.c
      HIDGetReportHandler   0x001470    program     extern C:\Microchip Solutions\Microchip\Usb\HID Device Driver\usb_function_hid.c
      HIDSetReportHandler   0x001472    program     extern C:\Microchip Solutions\Microchip\Usb\HID Device Driver\usb_function_hid.c
               device_dsc   0x001474    program     extern D:\LAB\C18\18Fx550_USB_MOUSE\usb_descriptors.c
        configDescriptor1   0x001486    program     extern D:\LAB\C18\18Fx550_USB_MOUSE\usb_descriptors.c
                    sd000   0x0014a8    program     extern D:\LAB\C18\18Fx550_USB_MOUSE\usb_descriptors.c
                    sd001   0x0014ac    program     extern D:\LAB\C18\18Fx550_USB_MOUSE\usb_descriptors.c
                    sd002   0x0014e0    program     extern D:\LAB\C18\18Fx550_USB_MOUSE\usb_descriptors.c
                hid_rpt01   0x00150e    program     extern D:\LAB\C18\18Fx550_USB_MOUSE\usb_descriptors.c
               USB_CD_Ptr   0x00154d    program     extern D:\LAB\C18\18Fx550_USB_MOUSE\usb_descriptors.c
               USB_SD_Ptr   0x00154f    program     extern D:\LAB\C18\18Fx550_USB_MOUSE\usb_descriptors.c
                _do_cinit   0x001556    program     extern C:\MCC18\src\traditional\startup\c018i.c
                     test   0x001570    program     static                          
                copy_loop   0x0015c8    program     static                          
            copy_one_byte   0x0015ce    program     static                          
             done_copying   0x0015dc    program     static                          
       ___return_lbl00002   0x0015f2    program     static                          
                     done   0x0015f2    program     static                          
                  OpenADC   0x0015f4    program     extern C:\MCC18\src\pmc_common\ADC\adcopen.c
                 FXD1616S   0x001662    program     extern C:\MCC18\src\traditional\math\fxd1616s.asm
                  DA1616S   0x001674    program     static C:\MCC18\src\traditional\math\fxd1616s.asm
                   D1616S   0x001684    program     static C:\MCC18\src\traditional\math\fxd1616s.asm
                 D1616SOK   0x00168e    program     static C:\MCC18\src\traditional\math\fxd1616s.asm
                D1616SNEG   0x001692    program     static C:\MCC18\src\traditional\math\fxd1616s.asm
                  D1616SX   0x0016a4    program     static C:\MCC18\src\traditional\math\fxd1616s.asm
                   memset   0x0016ae    program     extern C:\MCC18\src\traditional\stdclib\memset.asm
                    jLoop   0x0016c2    program     static C:\MCC18\src\traditional\stdclib\memset.asm
              _2jContinue   0x0016ce    program     static C:\MCC18\src\traditional\stdclib\memset.asm
                   _3jEnd   0x0016d8    program     static C:\MCC18\src\traditional\stdclib\memset.asm
                     jEnd   0x0016e0    program     static C:\MCC18\src\traditional\stdclib\memset.asm
               SetChanADC   0x0016e2    program     extern C:\MCC18\src\pmc_common\ADC\adcsetch.c
                 FXD1616U   0x001710    program     extern C:\MCC18\src\traditional\math\fxd1616u.c
                     loop   0x00171a    program     static                          
                  endloop   0x001736    program     static                          
       ___return_lbl00000   0x00173a    program     static                          
              Delay1KTCYx   0x00173c    program     extern C:\MCC18\src\traditional\delays\d1ktcyx.asm
                     D1Kx   0x001746    program     static C:\MCC18\src\traditional\delays\d1ktcyx.asm
                    D1K_1   0x001748    program     static C:\MCC18\src\traditional\delays\d1ktcyx.asm
        _D1KTCYXCODE_0010   0x00174c    program     static C:\MCC18\src\traditional\delays\d1ktcyx.asm
        _D1KTCYXCODE_0016   0x001752    program     static C:\MCC18\src\traditional\delays\d1ktcyx.asm
                 _startup   0x00175c    program     extern C:\MCC18\src\traditional\startup\c018i.c
                     loop   0x00176c    program     static                          
       ___return_lbl00001   0x001776    program     static                          
                  ReadADC   0x001778    program     extern C:\MCC18\src\pmc_common\ADC\adcread.c
            __zero_memory   0x00178a    program     extern C:\MCC18\src\traditional\proc\p18F2550.asm
               clear_loop   0x001790    program     static C:\MCC18\src\traditional\proc\p18F2550.asm
                  BusyADC   0x001798    program     extern C:\MCC18\src\pmc_common\ADC\adcbusy.c
               ConvertADC   0x0017a2    program     extern C:\MCC18\src\pmc_common\ADC\adcconv.c
                   __init   0x0017a6    program     extern C:\MCC18\src\traditional\stdclib\__init.c
               __config_0   0x300000    program     static D:\LAB\C18\18Fx550_USB_MOUSE\main.c
               __config_1   0x300001    program     static D:\LAB\C18\18Fx550_USB_MOUSE\main.c
               __config_2   0x300002    program     static D:\LAB\C18\18Fx550_USB_MOUSE\main.c
               __config_3   0x300003    program     static D:\LAB\C18\18Fx550_USB_MOUSE\main.c
               __config_4   0x300005    program     static D:\LAB\C18\18Fx550_USB_MOUSE\main.c
               __config_5   0x300006    program     static D:\LAB\C18\18Fx550_USB_MOUSE\main.c
               __config_6   0x300008    program     static D:\LAB\C18\18Fx550_USB_MOUSE\main.c
               __config_7   0x300009    program     static D:\LAB\C18\18Fx550_USB_MOUSE\main.c
               __config_8   0x30000a    program     static D:\LAB\C18\18Fx550_USB_MOUSE\main.c
               __config_9   0x30000b    program     static D:\LAB\C18\18Fx550_USB_MOUSE\main.c
              __config_10   0x30000c    program     static D:\LAB\C18\18Fx550_USB_MOUSE\main.c
              __config_11   0x30000d    program     static D:\LAB\C18\18Fx550_USB_MOUSE\main.c
                     SIGN   0x000000       data     extern C:\MCC18\src\traditional\math\cmath18.asm
            __FPFLAGSbits   0x000001       data     extern C:\MCC18\src\traditional\math\cmath18.asm
                __FPFLAGS   0x000001       data     extern C:\MCC18\src\traditional\math\cmath18.asm
                  __REMB3   0x000002       data     extern C:\MCC18\src\traditional\math\aarg.asm
                 __AARGB7   0x000002       data     extern C:\MCC18\src\traditional\math\aarg.asm
                  __REMB2   0x000003       data     extern C:\MCC18\src\traditional\math\aarg.asm
                 __AARGB6   0x000003       data     extern C:\MCC18\src\traditional\math\aarg.asm
                 __AARGB5   0x000004       data     extern C:\MCC18\src\traditional\math\aarg.asm
                  __REMB1   0x000004       data     extern C:\MCC18\src\traditional\math\aarg.asm
                  __REMB0   0x000005       data     extern C:\MCC18\src\traditional\math\aarg.asm
                 __AARGB4   0x000005       data     extern C:\MCC18\src\traditional\math\aarg.asm
                 __AARGB3   0x000006       data     extern C:\MCC18\src\traditional\math\aarg.asm
                 __AARGB2   0x000007       data     extern C:\MCC18\src\traditional\math\aarg.asm
                 __AARGB1   0x000008       data     extern C:\MCC18\src\traditional\math\aarg.asm
                 __AARGB0   0x000009       data     extern C:\MCC18\src\traditional\math\aarg.asm
                   __AEXP   0x00000a       data     extern C:\MCC18\src\traditional\math\aarg.asm
                 __BARGB3   0x00000b       data     extern C:\MCC18\src\traditional\math\barg.asm
                 __BARGB2   0x00000c       data     extern C:\MCC18\src\traditional\math\barg.asm
                 __BARGB1   0x00000d       data     extern C:\MCC18\src\traditional\math\barg.asm
                 __BARGB0   0x00000e       data     extern C:\MCC18\src\traditional\math\barg.asm
                   __BEXP   0x00000f       data     extern C:\MCC18\src\traditional\math\barg.asm
                  __tmp_0   0x000010       data     static C:\Microchip Solutions\Microchip\Usb\usb_device.c
                  __tmp_0   0x000010       data     static C:\MCC18\src\pmc_common\ADC\adcopen.c
                  __tmp_0   0x000010       data     static C:\MCC18\src\pmc_common\ADC\adcread.c
                  __tmp_0   0x000010       data     static D:\LAB\C18\18Fx550_USB_MOUSE\main.c
                  __tmp_0   0x000010       data     static C:\MCC18\src\pmc_common\ADC\adcsetch.c
            DelayCounter1   0x000018       data     extern C:\MCC18\src\traditional\delays\delayd1.asm
           USBDeviceState   0x000060       data     extern C:\Microchip Solutions\Microchip\Usb\usb_device.c
   USBActiveConfiguration   0x000061       data     extern C:\Microchip Solutions\Microchip\Usb\usb_device.c
    USBAlternateInterface   0x000062       data     extern C:\Microchip Solutions\Microchip\Usb\usb_device.c
   pBDTEntryEP0OutCurrent   0x000063       data     extern C:\Microchip Solutions\Microchip\Usb\usb_device.c
      pBDTEntryEP0OutNext   0x000065       data     extern C:\Microchip Solutions\Microchip\Usb\usb_device.c
             pBDTEntryOut   0x000067       data     extern C:\Microchip Solutions\Microchip\Usb\usb_device.c
              pBDTEntryIn   0x00006b       data     extern C:\Microchip Solutions\Microchip\Usb\usb_device.c
        shortPacketStatus   0x00006f       data     extern C:\Microchip Solutions\Microchip\Usb\usb_device.c
     controlTransferState   0x000070       data     extern C:\Microchip Solutions\Microchip\Usb\usb_device.c
                  inPipes   0x000071       data     extern C:\Microchip Solutions\Microchip\Usb\usb_device.c
                 outPipes   0x000076       data     extern C:\Microchip Solutions\Microchip\Usb\usb_device.c
                     pDst   0x00007d       data     extern C:\Microchip Solutions\Microchip\Usb\usb_device.c
             RemoteWakeup   0x00007f       data     extern C:\Microchip Solutions\Microchip\Usb\usb_device.c
                USTATcopy   0x000080       data     extern C:\Microchip Solutions\Microchip\Usb\usb_device.c
       USBInMaxPacketSize   0x000081       data     extern C:\Microchip Solutions\Microchip\Usb\usb_device.c
                USBInData   0x000083       data     extern C:\Microchip Solutions\Microchip\Usb\usb_device.c
                     prom   0x000085       data     static C:\MCC18\src\traditional\startup\c018i.c
                curr_byte   0x000088       data     static C:\MCC18\src\traditional\startup\c018i.c
               curr_entry   0x00008a       data     static C:\MCC18\src\traditional\startup\c018i.c
                 data_ptr   0x00008c       data     static C:\MCC18\src\traditional\startup\c018i.c
              hidTxHandle   0x00008f       data     extern D:\LAB\C18\18Fx550_USB_MOUSE\main.c
                     adc0   0x000091       data     static D:\LAB\C18\18Fx550_USB_MOUSE\main.c
                     adc1   0x000093       data     static D:\LAB\C18\18Fx550_USB_MOUSE\main.c
                 key_last   0x000095       data     static D:\LAB\C18\18Fx550_USB_MOUSE\main.c
              delay_count   0x000096       data     static D:\LAB\C18\18Fx550_USB_MOUSE\main.c
                idle_rate   0x000098       data     extern C:\Microchip Solutions\Microchip\Usb\HID Device Driver\usb_function_hid.c
          active_protocol   0x000099       data     extern C:\Microchip Solutions\Microchip\Usb\HID Device Driver\usb_function_hid.c
           hid_rpt_rx_len   0x00009a       data     extern C:\Microchip Solutions\Microchip\Usb\HID Device Driver\usb_function_hid.c
                      BDT   0x000400       data     extern C:\Microchip Solutions\Microchip\Usb\usb_device.c
                 SetupPkt   0x000420       data     extern C:\Microchip Solutions\Microchip\Usb\usb_device.c
              CtrlTrfData   0x000428       data     extern C:\Microchip Solutions\Microchip\Usb\usb_device.c
           hid_report_out   0x000430       data     extern C:\Microchip Solutions\Microchip\Usb\usb_device.c
            hid_report_in   0x000433       data     extern C:\Microchip Solutions\Microchip\Usb\usb_device.c
                     UFRM   0x000f66       data     extern C:\MCC18\src\traditional\proc\p18F2550.asm
                    UFRML   0x000f66       data     extern C:\MCC18\src\traditional\proc\p18F2550.asm
                UFRMLbits   0x000f66       data     extern C:\MCC18\src\traditional\proc\p18F2550.asm
                    UFRMH   0x000f67       data     extern C:\MCC18\src\traditional\proc\p18F2550.asm
                UFRMHbits   0x000f67       data     extern C:\MCC18\src\traditional\proc\p18F2550.asm
                  UIRbits   0x000f68       data     extern C:\MCC18\src\traditional\proc\p18F2550.asm
                      UIR   0x000f68       data     extern C:\MCC18\src\traditional\proc\p18F2550.asm
                  UIEbits   0x000f69       data     extern C:\MCC18\src\traditional\proc\p18F2550.asm
                      UIE   0x000f69       data     extern C:\MCC18\src\traditional\proc\p18F2550.asm
                     UEIR   0x000f6a       data     extern C:\MCC18\src\traditional\proc\p18F2550.asm
                 UEIRbits   0x000f6a       data     extern C:\MCC18\src\traditional\proc\p18F2550.asm
                 UEIEbits   0x000f6b       data     extern C:\MCC18\src\traditional\proc\p18F2550.asm
                     UEIE   0x000f6b       data     extern C:\MCC18\src\traditional\proc\p18F2550.asm
                    USTAT   0x000f6c       data     extern C:\MCC18\src\traditional\proc\p18F2550.asm
                USTATbits   0x000f6c       data     extern C:\MCC18\src\traditional\proc\p18F2550.asm
                     UCON   0x000f6d       data     extern C:\MCC18\src\traditional\proc\p18F2550.asm
                 UCONbits   0x000f6d       data     extern C:\MCC18\src\traditional\proc\p18F2550.asm
                UADDRbits   0x000f6e       data     extern C:\MCC18\src\traditional\proc\p18F2550.asm
                    UADDR   0x000f6e       data     extern C:\MCC18\src\traditional\proc\p18F2550.asm
                     UCFG   0x000f6f       data     extern C:\MCC18\src\traditional\proc\p18F2550.asm
                 UCFGbits   0x000f6f       data     extern C:\MCC18\src\traditional\proc\p18F2550.asm
                     UEP0   0x000f70       data     extern C:\MCC18\src\traditional\proc\p18F2550.asm
                 UEP0bits   0x000f70       data     extern C:\MCC18\src\traditional\proc\p18F2550.asm
                     UEP1   0x000f71       data     extern C:\MCC18\src\traditional\proc\p18F2550.asm
                 UEP1bits   0x000f71       data     extern C:\MCC18\src\traditional\proc\p18F2550.asm
                 UEP2bits   0x000f72       data     extern C:\MCC18\src\traditional\proc\p18F2550.asm
                     UEP2   0x000f72       data     extern C:\MCC18\src\traditional\proc\p18F2550.asm
                     UEP3   0x000f73       data     extern C:\MCC18\src\traditional\proc\p18F2550.asm
                 UEP3bits   0x000f73       data     extern C:\MCC18\src\traditional\proc\p18F2550.asm
                     UEP4   0x000f74       data     extern C:\MCC18\src\traditional\proc\p18F2550.asm
                 UEP4bits   0x000f74       data     extern C:\MCC18\src\traditional\proc\p18F2550.asm
                     UEP5   0x000f75       data     extern C:\MCC18\src\traditional\proc\p18F2550.asm
                 UEP5bits   0x000f75       data     extern C:\MCC18\src\traditional\proc\p18F2550.asm
                 UEP6bits   0x000f76       data     extern C:\MCC18\src\traditional\proc\p18F2550.asm
                     UEP6   0x000f76       data     extern C:\MCC18\src\traditional\proc\p18F2550.asm
                     UEP7   0x000f77       data     extern C:\MCC18\src\traditional\proc\p18F2550.asm
                 UEP7bits   0x000f77       data     extern C:\MCC18\src\traditional\proc\p18F2550.asm
                     UEP8   0x000f78       data     extern C:\MCC18\src\traditional\proc\p18F2550.asm
                 UEP8bits   0x000f78       data     extern C:\MCC18\src\traditional\proc\p18F2550.asm
                 UEP9bits   0x000f79       data     extern C:\MCC18\src\traditional\proc\p18F2550.asm
                     UEP9   0x000f79       data     extern C:\MCC18\src\traditional\proc\p18F2550.asm
                UEP10bits   0x000f7a       data     extern C:\MCC18\src\traditional\proc\p18F2550.asm
                    UEP10   0x000f7a       data     extern C:\MCC18\src\traditional\proc\p18F2550.asm
                    UEP11   0x000f7b       data     extern C:\MCC18\src\traditional\proc\p18F2550.asm
                UEP11bits   0x000f7b       data     extern C:\MCC18\src\traditional\proc\p18F2550.asm
                    UEP12   0x000f7c       data     extern C:\MCC18\src\traditional\proc\p18F2550.asm
                UEP12bits   0x000f7c       data     extern C:\MCC18\src\traditional\proc\p18F2550.asm
                    UEP13   0x000f7d       data     extern C:\MCC18\src\traditional\proc\p18F2550.asm
                UEP13bits   0x000f7d       data     extern C:\MCC18\src\traditional\proc\p18F2550.asm
                    UEP14   0x000f7e       data     extern C:\MCC18\src\traditional\proc\p18F2550.asm
                UEP14bits   0x000f7e       data     extern C:\MCC18\src\traditional\proc\p18F2550.asm
                UEP15bits   0x000f7f       data     extern C:\MCC18\src\traditional\proc\p18F2550.asm
                    UEP15   0x000f7f       data     extern C:\MCC18\src\traditional\proc\p18F2550.asm
                PORTAbits   0x000f80       data     extern C:\MCC18\src\traditional\proc\p18F2550.asm
                    PORTA   0x000f80       data     extern C:\MCC18\src\traditional\proc\p18F2550.asm
                PORTBbits   0x000f81       data     extern C:\MCC18\src\traditional\proc\p18F2550.asm
                    PORTB   0x000f81       data     extern C:\MCC18\src\traditional\proc\p18F2550.asm
                PORTCbits   0x000f82       data     extern C:\MCC18\src\traditional\proc\p18F2550.asm
                    PORTC   0x000f82       data     extern C:\MCC18\src\traditional\proc\p18F2550.asm
                PORTEbits   0x000f84       data     extern C:\MCC18\src\traditional\proc\p18F2550.asm
                    PORTE   0x000f84       data     extern C:\MCC18\src\traditional\proc\p18F2550.asm
                 LATAbits   0x000f89       data     extern C:\MCC18\src\traditional\proc\p18F2550.asm
                     LATA   0x000f89       data     extern C:\MCC18\src\traditional\proc\p18F2550.asm
                 LATBbits   0x000f8a       data     extern C:\MCC18\src\traditional\proc\p18F2550.asm
                     LATB   0x000f8a       data     extern C:\MCC18\src\traditional\proc\p18F2550.asm
                 LATCbits   0x000f8b       data     extern C:\MCC18\src\traditional\proc\p18F2550.asm
                     LATC   0x000f8b       data     extern C:\MCC18\src\traditional\proc\p18F2550.asm
                    TRISA   0x000f92       data     extern C:\MCC18\src\traditional\proc\p18F2550.asm
                TRISAbits   0x000f92       data     extern C:\MCC18\src\traditional\proc\p18F2550.asm
                     DDRA   0x000f92       data     extern C:\MCC18\src\traditional\proc\p18F2550.asm
                 DDRAbits   0x000f92       data     extern C:\MCC18\src\traditional\proc\p18F2550.asm
                     DDRB   0x000f93       data     extern C:\MCC18\src\traditional\proc\p18F2550.asm
                    TRISB   0x000f93       data     extern C:\MCC18\src\traditional\proc\p18F2550.asm
                TRISBbits   0x000f93       data     extern C:\MCC18\src\traditional\proc\p18F2550.asm
                 DDRBbits   0x000f93       data     extern C:\MCC18\src\traditional\proc\p18F2550.asm
                     DDRC   0x000f94       data     extern C:\MCC18\src\traditional\proc\p18F2550.asm
                 DDRCbits   0x000f94       data     extern C:\MCC18\src\traditional\proc\p18F2550.asm
                    TRISC   0x000f94       data     extern C:\MCC18\src\traditional\proc\p18F2550.asm
                TRISCbits   0x000f94       data     extern C:\MCC18\src\traditional\proc\p18F2550.asm
                  OSCTUNE   0x000f9b       data     extern C:\MCC18\src\traditional\proc\p18F2550.asm
              OSCTUNEbits   0x000f9b       data     extern C:\MCC18\src\traditional\proc\p18F2550.asm
                     PIE1   0x000f9d       data     extern C:\MCC18\src\traditional\proc\p18F2550.asm
                 PIE1bits   0x000f9d       data     extern C:\MCC18\src\traditional\proc\p18F2550.asm
                     PIR1   0x000f9e       data     extern C:\MCC18\src\traditional\proc\p18F2550.asm
                 PIR1bits   0x000f9e       data     extern C:\MCC18\src\traditional\proc\p18F2550.asm
                 IPR1bits   0x000f9f       data     extern C:\MCC18\src\traditional\proc\p18F2550.asm
                     IPR1   0x000f9f       data     extern C:\MCC18\src\traditional\proc\p18F2550.asm
                 PIE2bits   0x000fa0       data     extern C:\MCC18\src\traditional\proc\p18F2550.asm
                     PIE2   0x000fa0       data     extern C:\MCC18\src\traditional\proc\p18F2550.asm
                     PIR2   0x000fa1       data     extern C:\MCC18\src\traditional\proc\p18F2550.asm
                 PIR2bits   0x000fa1       data     extern C:\MCC18\src\traditional\proc\p18F2550.asm
                 IPR2bits   0x000fa2       data     extern C:\MCC18\src\traditional\proc\p18F2550.asm
                     IPR2   0x000fa2       data     extern C:\MCC18\src\traditional\proc\p18F2550.asm
               EECON1bits   0x000fa6       data     extern C:\MCC18\src\traditional\proc\p18F2550.asm
                   EECON1   0x000fa6       data     extern C:\MCC18\src\traditional\proc\p18F2550.asm
                   EECON2   0x000fa7       data     extern C:\MCC18\src\traditional\proc\p18F2550.asm
                   EEDATA   0x000fa8       data     extern C:\MCC18\src\traditional\proc\p18F2550.asm
                    EEADR   0x000fa9       data     extern C:\MCC18\src\traditional\proc\p18F2550.asm
                RCSTAbits   0x000fab       data     extern C:\MCC18\src\traditional\proc\p18F2550.asm
                    RCSTA   0x000fab       data     extern C:\MCC18\src\traditional\proc\p18F2550.asm
                    TXSTA   0x000fac       data     extern C:\MCC18\src\traditional\proc\p18F2550.asm
                TXSTAbits   0x000fac       data     extern C:\MCC18\src\traditional\proc\p18F2550.asm
                    TXREG   0x000fad       data     extern C:\MCC18\src\traditional\proc\p18F2550.asm
                    RCREG   0x000fae       data     extern C:\MCC18\src\traditional\proc\p18F2550.asm
                    SPBRG   0x000faf       data     extern C:\MCC18\src\traditional\proc\p18F2550.asm
                   SPBRGH   0x000fb0       data     extern C:\MCC18\src\traditional\proc\p18F2550.asm
                T3CONbits   0x000fb1       data     extern C:\MCC18\src\traditional\proc\p18F2550.asm
                    T3CON   0x000fb1       data     extern C:\MCC18\src\traditional\proc\p18F2550.asm
                    TMR3L   0x000fb2       data     extern C:\MCC18\src\traditional\proc\p18F2550.asm
                    TMR3H   0x000fb3       data     extern C:\MCC18\src\traditional\proc\p18F2550.asm
                CMCONbits   0x000fb4       data     extern C:\MCC18\src\traditional\proc\p18F2550.asm
                    CMCON   0x000fb4       data     extern C:\MCC18\src\traditional\proc\p18F2550.asm
               CVRCONbits   0x000fb5       data     extern C:\MCC18\src\traditional\proc\p18F2550.asm
                   CVRCON   0x000fb5       data     extern C:\MCC18\src\traditional\proc\p18F2550.asm
               CCP1ASbits   0x000fb6       data     extern C:\MCC18\src\traditional\proc\p18F2550.asm
                   CCP1AS   0x000fb6       data     extern C:\MCC18\src\traditional\proc\p18F2550.asm
                  ECCP1AS   0x000fb6       data     extern C:\MCC18\src\traditional\proc\p18F2550.asm
              ECCP1ASbits   0x000fb6       data     extern C:\MCC18\src\traditional\proc\p18F2550.asm
             ECCP1DELbits   0x000fb7       data     extern C:\MCC18\src\traditional\proc\p18F2550.asm
                 ECCP1DEL   0x000fb7       data     extern C:\MCC18\src\traditional\proc\p18F2550.asm
                  CCP1DEL   0x000fb7       data     extern C:\MCC18\src\traditional\proc\p18F2550.asm
              CCP1DELbits   0x000fb7       data     extern C:\MCC18\src\traditional\proc\p18F2550.asm
              BAUDCONbits   0x000fb8       data     extern C:\MCC18\src\traditional\proc\p18F2550.asm
                  BAUDCON   0x000fb8       data     extern C:\MCC18\src\traditional\proc\p18F2550.asm
              CCP2CONbits   0x000fba       data     extern C:\MCC18\src\traditional\proc\p18F2550.asm
                  CCP2CON   0x000fba       data     extern C:\MCC18\src\traditional\proc\p18F2550.asm
                    CCPR2   0x000fbb       data     extern C:\MCC18\src\traditional\proc\p18F2550.asm
                   CCPR2L   0x000fbb       data     extern C:\MCC18\src\traditional\proc\p18F2550.asm
                   CCPR2H   0x000fbc       data     extern C:\MCC18\src\traditional\proc\p18F2550.asm
              CCP1CONbits   0x000fbd       data     extern C:\MCC18\src\traditional\proc\p18F2550.asm
                  CCP1CON   0x000fbd       data     extern C:\MCC18\src\traditional\proc\p18F2550.asm
                    CCPR1   0x000fbe       data     extern C:\MCC18\src\traditional\proc\p18F2550.asm
                   CCPR1L   0x000fbe       data     extern C:\MCC18\src\traditional\proc\p18F2550.asm
                   CCPR1H   0x000fbf       data     extern C:\MCC18\src\traditional\proc\p18F2550.asm
               ADCON2bits   0x000fc0       data     extern C:\MCC18\src\traditional\proc\p18F2550.asm
                   ADCON2   0x000fc0       data     extern C:\MCC18\src\traditional\proc\p18F2550.asm
               ADCON1bits   0x000fc1       data     extern C:\MCC18\src\traditional\proc\p18F2550.asm
                   ADCON1   0x000fc1       data     extern C:\MCC18\src\traditional\proc\p18F2550.asm
                   ADCON0   0x000fc2       data     extern C:\MCC18\src\traditional\proc\p18F2550.asm
               ADCON0bits   0x000fc2       data     extern C:\MCC18\src\traditional\proc\p18F2550.asm
                    ADRES   0x000fc3       data     extern C:\MCC18\src\traditional\proc\p18F2550.asm
                   ADRESL   0x000fc3       data     extern C:\MCC18\src\traditional\proc\p18F2550.asm
                   ADRESH   0x000fc4       data     extern C:\MCC18\src\traditional\proc\p18F2550.asm
                  SSPCON2   0x000fc5       data     extern C:\MCC18\src\traditional\proc\p18F2550.asm
              SSPCON2bits   0x000fc5       data     extern C:\MCC18\src\traditional\proc\p18F2550.asm
                  SSPCON1   0x000fc6       data     extern C:\MCC18\src\traditional\proc\p18F2550.asm
              SSPCON1bits   0x000fc6       data     extern C:\MCC18\src\traditional\proc\p18F2550.asm
                  SSPSTAT   0x000fc7       data     extern C:\MCC18\src\traditional\proc\p18F2550.asm
              SSPSTATbits   0x000fc7       data     extern C:\MCC18\src\traditional\proc\p18F2550.asm
                   SSPADD   0x000fc8       data     extern C:\MCC18\src\traditional\proc\p18F2550.asm
                   SSPBUF   0x000fc9       data     extern C:\MCC18\src\traditional\proc\p18F2550.asm
                T2CONbits   0x000fca       data     extern C:\MCC18\src\traditional\proc\p18F2550.asm
                    T2CON   0x000fca       data     extern C:\MCC18\src\traditional\proc\p18F2550.asm
                      PR2   0x000fcb       data     extern C:\MCC18\src\traditional\proc\p18F2550.asm
                     TMR2   0x000fcc       data     extern C:\MCC18\src\traditional\proc\p18F2550.asm
                T1CONbits   0x000fcd       data     extern C:\MCC18\src\traditional\proc\p18F2550.asm
                    T1CON   0x000fcd       data     extern C:\MCC18\src\traditional\proc\p18F2550.asm
                    TMR1L   0x000fce       data     extern C:\MCC18\src\traditional\proc\p18F2550.asm
                    TMR1H   0x000fcf       data     extern C:\MCC18\src\traditional\proc\p18F2550.asm
                     RCON   0x000fd0       data     extern C:\MCC18\src\traditional\proc\p18F2550.asm
                 RCONbits   0x000fd0       data     extern C:\MCC18\src\traditional\proc\p18F2550.asm
               WDTCONbits   0x000fd1       data     extern C:\MCC18\src\traditional\proc\p18F2550.asm
                   WDTCON   0x000fd1       data     extern C:\MCC18\src\traditional\proc\p18F2550.asm
               LVDCONbits   0x000fd2       data     extern C:\MCC18\src\traditional\proc\p18F2550.asm
                   LVDCON   0x000fd2       data     extern C:\MCC18\src\traditional\proc\p18F2550.asm
              HLVDCONbits   0x000fd2       data     extern C:\MCC18\src\traditional\proc\p18F2550.asm
                  HLVDCON   0x000fd2       data     extern C:\MCC18\src\traditional\proc\p18F2550.asm
               OSCCONbits   0x000fd3       data     extern C:\MCC18\src\traditional\proc\p18F2550.asm
                   OSCCON   0x000fd3       data     extern C:\MCC18\src\traditional\proc\p18F2550.asm
                T0CONbits   0x000fd5       data     extern C:\MCC18\src\traditional\proc\p18F2550.asm
                    T0CON   0x000fd5       data     extern C:\MCC18\src\traditional\proc\p18F2550.asm
                    TMR0L   0x000fd6       data     extern C:\MCC18\src\traditional\proc\p18F2550.asm
                    TMR0H   0x000fd7       data     extern C:\MCC18\src\traditional\proc\p18F2550.asm
               STATUSbits   0x000fd8       data     extern C:\MCC18\src\traditional\proc\p18F2550.asm
                   STATUS   0x000fd8       data     extern C:\MCC18\src\traditional\proc\p18F2550.asm
                    FSR2L   0x000fd9       data     extern C:\MCC18\src\traditional\proc\p18F2550.asm
                     FSR2   0x000fd9       data     extern C:\MCC18\src\traditional\proc\p18F2550.asm
                    FSR2H   0x000fda       data     extern C:\MCC18\src\traditional\proc\p18F2550.asm
                   PLUSW2   0x000fdb       data     extern C:\MCC18\src\traditional\proc\p18F2550.asm
                  PREINC2   0x000fdc       data     extern C:\MCC18\src\traditional\proc\p18F2550.asm
                 POSTDEC2   0x000fdd       data     extern C:\MCC18\src\traditional\proc\p18F2550.asm
                 POSTINC2   0x000fde       data     extern C:\MCC18\src\traditional\proc\p18F2550.asm
                    INDF2   0x000fdf       data     extern C:\MCC18\src\traditional\proc\p18F2550.asm
                      BSR   0x000fe0       data     extern C:\MCC18\src\traditional\proc\p18F2550.asm
                    FSR1L   0x000fe1       data     extern C:\MCC18\src\traditional\proc\p18F2550.asm
                     FSR1   0x000fe1       data     extern C:\MCC18\src\traditional\proc\p18F2550.asm
                    FSR1H   0x000fe2       data     extern C:\MCC18\src\traditional\proc\p18F2550.asm
                   PLUSW1   0x000fe3       data     extern C:\MCC18\src\traditional\proc\p18F2550.asm
                  PREINC1   0x000fe4       data     extern C:\MCC18\src\traditional\proc\p18F2550.asm
                 POSTDEC1   0x000fe5       data     extern C:\MCC18\src\traditional\proc\p18F2550.asm
                 POSTINC1   0x000fe6       data     extern C:\MCC18\src\traditional\proc\p18F2550.asm
                    INDF1   0x000fe7       data     extern C:\MCC18\src\traditional\proc\p18F2550.asm
                     WREG   0x000fe8       data     extern C:\MCC18\src\traditional\proc\p18F2550.asm
                     FSR0   0x000fe9       data     extern C:\MCC18\src\traditional\proc\p18F2550.asm
                    FSR0L   0x000fe9       data     extern C:\MCC18\src\traditional\proc\p18F2550.asm
                    FSR0H   0x000fea       data     extern C:\MCC18\src\traditional\proc\p18F2550.asm
                   PLUSW0   0x000feb       data     extern C:\MCC18\src\traditional\proc\p18F2550.asm
                  PREINC0   0x000fec       data     extern C:\MCC18\src\traditional\proc\p18F2550.asm
                 POSTDEC0   0x000fed       data     extern C:\MCC18\src\traditional\proc\p18F2550.asm
                 POSTINC0   0x000fee       data     extern C:\MCC18\src\traditional\proc\p18F2550.asm
                    INDF0   0x000fef       data     extern C:\MCC18\src\traditional\proc\p18F2550.asm
              INTCON3bits   0x000ff0       data     extern C:\MCC18\src\traditional\proc\p18F2550.asm
                  INTCON3   0x000ff0       data     extern C:\MCC18\src\traditional\proc\p18F2550.asm
              INTCON2bits   0x000ff1       data     extern C:\MCC18\src\traditional\proc\p18F2550.asm
                  INTCON2   0x000ff1       data     extern C:\MCC18\src\traditional\proc\p18F2550.asm
               INTCONbits   0x000ff2       data     extern C:\MCC18\src\traditional\proc\p18F2550.asm
                   INTCON   0x000ff2       data     extern C:\MCC18\src\traditional\proc\p18F2550.asm
                     PROD   0x000ff3       data     extern C:\MCC18\src\traditional\proc\p18F2550.asm
                    PRODL   0x000ff3       data     extern C:\MCC18\src\traditional\proc\p18F2550.asm
                    PRODH   0x000ff4       data     extern C:\MCC18\src\traditional\proc\p18F2550.asm
                   TABLAT   0x000ff5       data     extern C:\MCC18\src\traditional\proc\p18F2550.asm
                   TBLPTR   0x000ff6       data     extern C:\MCC18\src\traditional\proc\p18F2550.asm
                  TBLPTRL   0x000ff6       data     extern C:\MCC18\src\traditional\proc\p18F2550.asm
                  TBLPTRH   0x000ff7       data     extern C:\MCC18\src\traditional\proc\p18F2550.asm
                  TBLPTRU   0x000ff8       data     extern C:\MCC18\src\traditional\proc\p18F2550.asm
                      PCL   0x000ff9       data     extern C:\MCC18\src\traditional\proc\p18F2550.asm
                       PC   0x000ff9       data     extern C:\MCC18\src\traditional\proc\p18F2550.asm
                   PCLATH   0x000ffa       data     extern C:\MCC18\src\traditional\proc\p18F2550.asm
                   PCLATU   0x000ffb       data     extern C:\MCC18\src\traditional\proc\p18F2550.asm
                   STKPTR   0x000ffc       data     extern C:\MCC18\src\traditional\proc\p18F2550.asm
               STKPTRbits   0x000ffc       data     extern C:\MCC18\src\traditional\proc\p18F2550.asm
                      TOS   0x000ffd       data     extern C:\MCC18\src\traditional\proc\p18F2550.asm
                     TOSL   0x000ffd       data     extern C:\MCC18\src\traditional\proc\p18F2550.asm
                     TOSH   0x000ffe       data     extern C:\MCC18\src\traditional\proc\p18F2550.asm
                     TOSU   0x000fff       data     extern C:\MCC18\src\traditional\proc\p18F2550.asm


